14:17:30 **** Incremental Build of configuration FrL_network for project FrL_BLE_network ****
make -j4 all 
Building file: ../Freelux_libs/plog.c
Invoking: Andes C Compiler
riscv32-elf-gcc -DCHIP_TYPE=CHIP_TYPE_9518 -D__PROJECT_FRL_NETWORK__=1 -I"/cygdrive/D/Job/Freelux/Working/TBS_Monitoring/FrL_BLEnetwork_owner/prj" -I../drivers/B91 -I../vendor/Common -I../common -O2 -mcmodel=medium -flto -g3 -Wall -mcpu=d25f -ffunction-sections -fdata-sections -c -fmessage-length=0 -fno-builtin -fomit-frame-pointer -fno-strict-aliasing -fshort-wchar -fuse-ld=bfd -fpack-struct -MMD -MP -MF"Freelux_libs/plog.d" -MT"Freelux_libs/plog.d Freelux_libs/plog.o" -o "Freelux_libs/plog.o" "../Freelux_libs/plog.c"
../Freelux_libs/plog.c: In function 'PLG_PrintHexBuffer':
../Freelux_libs/plog.c:164:11: warning: unused variable 'buffer' [-Wunused-variable]
  uint8_t *buffer = (uint8_t*) &buffer_p;
           ^~~~~~
../Freelux_libs/plog.c: In function 'PLOG_DEVICE_PROFILE':
../Freelux_libs/plog.c:187:13: warning: unused variable 'device_info' [-Wunused-variable]
  const char device_info[] = "\n*****************************************\n"
             ^~~~~~~~~~~
Finished building: ../Freelux_libs/plog.c
 
Building target: FrL_network.elf
Invoking: Andes C Linker
riscv32-elf-gcc -O2 -nostartfiles -static -L"/cygdrive/D/Job/Freelux/Working/TBS_Monitoring/FrL_BLEnetwork_owner/prj/proj_lib" -mcmodel=medium -flto -g3 -mcpu=d25f -ffunction-sections -fdata-sections -fmessage-length=0 -fno-builtin -fomit-frame-pointer -fno-strict-aliasing -fshort-wchar -fuse-ld=bfd -fpack-struct -T"/cygdrive/D/Job/Freelux/Working/TBS_Monitoring/FrL_BLEnetwork_owner/prj/boot.link" -Wl,--gc-sections -o "FrL_network.elf"  ./3rd-party/freertos-V5/croutine.o ./3rd-party/freertos-V5/event_groups.o ./3rd-party/freertos-V5/list.o ./3rd-party/freertos-V5/queue.o ./3rd-party/freertos-V5/stream_buffer.o ./3rd-party/freertos-V5/tasks.o ./3rd-party/freertos-V5/timers.o  ./3rd-party/freertos-V5/portable/GCC/RISC-V/port.o ./3rd-party/freertos-V5/portable/GCC/RISC-V/portASM.o  ./3rd-party/freertos-V5/portable/MemMang/heap_4.o ./3rd-party/freertos-V5/portable/MemMang/memory_impl.o  ./Freelux_libs/plog.o  ./application/app/usbaud.o ./application/app/usbcdc.o ./application/app/usbkb.o ./application/app/usbmouse.o  ./application/audio/adpcm.o ./application/audio/tl_audio.o  ./application/keyboard/keyboard.o  ./application/print/printf.o  ./application/usbstd/usb.o ./application/usbstd/usbdesc.o  ./boot/B91/cstartup_B91.o ./boot/B91/cstartup_B91_DLM.o ./boot/B91/cstartup_B91_Data_Bss_Retention.o  ./common/plic_isr.o ./common/utility.o  ./common/usb_dbg/myudb_usb.o ./common/usb_dbg/myudb_usbdesc.o  ./drivers/B91/adc.o ./drivers/B91/aes.o ./drivers/B91/analog.o ./drivers/B91/audio.o ./drivers/B91/clock.o ./drivers/B91/flash.o ./drivers/B91/gpio.o ./drivers/B91/i2c.o ./drivers/B91/lpc.o ./drivers/B91/mdec.o ./drivers/B91/npe.o ./drivers/B91/pwm.o ./drivers/B91/s7816.o ./drivers/B91/spi.o ./drivers/B91/stimer.o ./drivers/B91/timer.o ./drivers/B91/uart.o ./drivers/B91/usbhw.o  ./drivers/B91/ext_driver/software_pa.o  ./drivers/B91/flash/flash_mid146085.o ./drivers/B91/flash/flash_mid156085.o ./drivers/B91/flash/flash_mid166085.o  ./vendor/FrL_network/app.o ./vendor/FrL_network/app_att.o ./vendor/FrL_network/app_buffer.o ./vendor/FrL_network/main.o ./vendor/FrL_network/spp.o  ./vendor/common/battery_check.o ./vendor/common/blt_common.o ./vendor/common/blt_fw_sign.o ./vendor/common/blt_led.o ./vendor/common/blt_soft_timer.o ./vendor/common/common_dbg.o ./vendor/common/custom_pair.o ./vendor/common/flash_fw_check.o   -lm -lfirmware_encrypt -lB91_ble_lib -ldsp
Finished building target: FrL_network.elf
 
/usr/bin/make --no-print-directory post-build
"D:\Job\Freelux\Working\TBS_Monitoring\FrL_BLEnetwork_owner\prj/tl_check_fw.bat"   FrL_network

D:\Job\Freelux\Working\TBS_Monitoring\FrL_BLEnetwork_owner\prj\FrL_network>echo "*************** start of post build *****************" 
"*************** start of post build *****************"

D:\Job\Freelux\Working\TBS_Monitoring\FrL_BLEnetwork_owner\prj\FrL_network>echo "this is post build!!! current configure is :FrL_network" 
"this is post build!!! current configure is :FrL_network"

D:\Job\Freelux\Working\TBS_Monitoring\FrL_BLEnetwork_owner\prj\FrL_network>riscv32-elf-objcopy -S -O binary FrL_network.elf  output/FrL_network.bin 

D:\Job\Freelux\Working\TBS_Monitoring\FrL_BLEnetwork_owner\prj\FrL_network>..\tl_check_fw2.exe  output/FrL_network.bin 
output done!

D:\Job\Freelux\Working\TBS_Monitoring\FrL_BLEnetwork_owner\prj\FrL_network>echo "**************** end of post build ******************" 
"**************** end of post build ******************"
 
Invoking: NM (symbol listing)
riscv32-elf-nm -n -l -C "FrL_network.elf" > output/symbol.txt
Invoking: Readelf (ELF info listing)
riscv32-elf-readelf -a "FrL_network.elf" > output/readelf.txt
Invoking: Objdump (disassembly)
riscv32-elf-objdump -x -d -C "FrL_network.elf" > output/objdump.txt
Invoking: Size (section size listing)
riscv32-elf-size  "FrL_network.elf" | tee output/.PHONY.size
Finished building: output/symbol.txt
Finished building: output/readelf.txt
 
 
   text	   code	 rodata	   data	    bss	    dec	    hex	filename
  47956	  46228	   1728	   4842	    134	  52932	   cec4	FrL_network.elf
Finished building: output/.PHONY.size
Finished building: output/objdump.txt
 
 
